[assembly: System.CLSCompliantAttribute(true)]
[assembly: System.Runtime.InteropServices.ComVisibleAttribute(false)]
[assembly: System.Runtime.Versioning.TargetFrameworkAttribute(".NETFramework,Version=v4.5", FrameworkDisplayName=".NET Framework 4.5")]
namespace NServiceBus
{
    public class LegacyEnumResponse<T>
    {
        public LegacyEnumResponse(T status) { }
        public T Status { get; }
    }
    public class static RequestResponseExtensions
    {
        public static System.Threading.Tasks.Task<TResponse> RequestWithTransientlyHandledResponseAsync<TResponse>(this NServiceBus.IBus bus, object requestMessage, NServiceBus.RequestResponseOptions options) { }
        public static System.Threading.Tasks.Task<TResponse> RequestWithTransientlyHandledResponseAsync<TResponse>(this NServiceBus.IBus bus, object requestMessage, NServiceBus.RequestResponseLocalOptions options) { }
    }
    public class RequestResponseLocalOptions
    {
        public RequestResponseLocalOptions(string correlationId = null, System.Threading.CancellationToken cancellationToken = null) { }
        public NServiceBus.RequestResponseLocalOptions AddHeader(string key, string value) { }
        public NServiceBus.RequestResponseLocalOptions SetCustomMessageId(string messageId) { }
    }
    public class RequestResponseOptions
    {
        public RequestResponseOptions(string destination = null, string correlationId = null, System.Threading.CancellationToken cancellationToken = null) { }
        public NServiceBus.RequestResponseOptions AddHeader(string key, string value) { }
        public NServiceBus.RequestResponseOptions SetCustomMessageId(string messageId) { }
    }
}